Traceback (most recent call last):
  File "/home/leobap/.local/lib/python3.8/site-packages/jupyter_cache/executors/utils.py", line 58, in single_nb_execution
    executenb(
  File "/home/leobap/.local/lib/python3.8/site-packages/nbclient/client.py", line 1204, in execute
    return NotebookClient(nb=nb, resources=resources, km=km, **kwargs).execute()
  File "/home/leobap/.local/lib/python3.8/site-packages/nbclient/util.py", line 84, in wrapped
    return just_run(coro(*args, **kwargs))
  File "/home/leobap/.local/lib/python3.8/site-packages/nbclient/util.py", line 62, in just_run
    return loop.run_until_complete(coro)
  File "/usr/lib/python3.8/asyncio/base_events.py", line 616, in run_until_complete
    return future.result()
  File "/home/leobap/.local/lib/python3.8/site-packages/nbclient/client.py", line 663, in async_execute
    await self.async_execute_cell(
  File "/home/leobap/.local/lib/python3.8/site-packages/nbclient/client.py", line 965, in async_execute_cell
    await self._check_raise_for_error(cell, cell_index, exec_reply)
  File "/home/leobap/.local/lib/python3.8/site-packages/nbclient/client.py", line 862, in _check_raise_for_error
    raise CellExecutionError.from_cell_and_msg(cell, exec_reply_content)
nbclient.exceptions.CellExecutionError: An error occurred while executing the following cell:
------------------
#c) Resolvendo a integral simbolicamente
# Define a variável simbólica 
T = sympy.Symbol('T')
def Cp (T): 
    return cp[0] + cp[1] * T

# Integração
res = sympy.integrate(Cp(T), T)
print("Cp dos produtos= ", res)

------------------

[0;31m---------------------------------------------------------------------------[0m
[0;31mNameError[0m                                 Traceback (most recent call last)
[0;32m<ipython-input-4-ed276950115a>[0m in [0;36m<module>[0;34m[0m
[1;32m      1[0m [0;31m#c) Resolvendo a integral simbolicamente[0m[0;34m[0m[0;34m[0m[0;34m[0m[0m
[1;32m      2[0m [0;31m# Define a variável simbólica[0m[0;34m[0m[0;34m[0m[0;34m[0m[0m
[0;32m----> 3[0;31m [0mT[0m [0;34m=[0m [0msympy[0m[0;34m.[0m[0mSymbol[0m[0;34m([0m[0;34m'T'[0m[0;34m)[0m[0;34m[0m[0;34m[0m[0m
[0m[1;32m      4[0m [0;32mdef[0m [0mCp[0m [0;34m([0m[0mT[0m[0;34m)[0m[0;34m:[0m[0;34m[0m[0;34m[0m[0m
[1;32m      5[0m     [0;32mreturn[0m [0mcp[0m[0;34m[[0m[0;36m0[0m[0;34m][0m [0;34m+[0m [0mcp[0m[0;34m[[0m[0;36m1[0m[0;34m][0m [0;34m*[0m [0mT[0m[0;34m[0m[0;34m[0m[0m

[0;31mNameError[0m: name 'sympy' is not defined
NameError: name 'sympy' is not defined

