Traceback (most recent call last):
  File "/home/leobap/.local/lib/python3.8/site-packages/jupyter_cache/executors/utils.py", line 51, in single_nb_execution
    executenb(
  File "/home/leobap/.local/lib/python3.8/site-packages/nbclient/client.py", line 1204, in execute
    return NotebookClient(nb=nb, resources=resources, km=km, **kwargs).execute()
  File "/home/leobap/.local/lib/python3.8/site-packages/nbclient/util.py", line 84, in wrapped
    return just_run(coro(*args, **kwargs))
  File "/home/leobap/.local/lib/python3.8/site-packages/nbclient/util.py", line 62, in just_run
    return loop.run_until_complete(coro)
  File "/usr/lib/python3.8/asyncio/base_events.py", line 616, in run_until_complete
    return future.result()
  File "/home/leobap/.local/lib/python3.8/site-packages/nbclient/client.py", line 663, in async_execute
    await self.async_execute_cell(
  File "/home/leobap/.local/lib/python3.8/site-packages/nbclient/client.py", line 965, in async_execute_cell
    await self._check_raise_for_error(cell, cell_index, exec_reply)
  File "/home/leobap/.local/lib/python3.8/site-packages/nbclient/client.py", line 862, in _check_raise_for_error
    raise CellExecutionError.from_cell_and_msg(cell, exec_reply_content)
nbclient.exceptions.CellExecutionError: An error occurred while executing the following cell:
------------------
#c) Resolvendo a integral simbolicamente
# Define a variável simbólica 
T = sympy.Symbol('T')
def Cp (T): 
    return cp[0] + cp[1] * T

# Integração
res = sympy.integrate(Cp(T), T)
print("Cp dos produtos= ", res)

------------------

[0;31m---------------------------------------------------------------------------[0m
[0;31mNameError[0m                                 Traceback (most recent call last)
Input [0;32mIn [4][0m, in [0;36m<cell line: 3>[0;34m()[0m
[1;32m      1[0m [38;5;66;03m#c) Resolvendo a integral simbolicamente[39;00m
[1;32m      2[0m [38;5;66;03m# Define a variável simbólica [39;00m
[0;32m----> 3[0m T [38;5;241m=[39m [43msympy[49m[38;5;241m.[39mSymbol([38;5;124m'[39m[38;5;124mT[39m[38;5;124m'[39m)
[1;32m      4[0m [38;5;28;01mdef[39;00m [38;5;21mCp[39m (T): 
[1;32m      5[0m     [38;5;28;01mreturn[39;00m cp[[38;5;241m0[39m] [38;5;241m+[39m cp[[38;5;241m1[39m] [38;5;241m*[39m T

[0;31mNameError[0m: name 'sympy' is not defined
NameError: name 'sympy' is not defined

